[0.471s] Invoking command in '/home/sankalp/so100_ws/src/so100_recorder': PYTHONPATH=/home/sankalp/so100_ws/build/so100_recorder/prefix_override:/usr/lib/python3/dist-packages/colcon_core/task/python/colcon_distutils_commands:/home/sankalp/so100_ws/install/so100_recorder/lib/python3.10/site-packages:${PYTHONPATH} /usr/bin/python3 -W ignore:setup.py install is deprecated -W ignore:easy_install command is deprecated setup.py egg_info --egg-base ../../build/so100_recorder build --build-base /home/sankalp/so100_ws/build/so100_recorder/build install --record /home/sankalp/so100_ws/build/so100_recorder/install.log --single-version-externally-managed install_data
[0.612s] running egg_info
[0.620s] writing ../../build/so100_recorder/so100_recorder.egg-info/PKG-INFO
[0.620s] writing dependency_links to ../../build/so100_recorder/so100_recorder.egg-info/dependency_links.txt
[0.620s] writing entry points to ../../build/so100_recorder/so100_recorder.egg-info/entry_points.txt
[0.620s] writing requirements to ../../build/so100_recorder/so100_recorder.egg-info/requires.txt
[0.620s] writing top-level names to ../../build/so100_recorder/so100_recorder.egg-info/top_level.txt
[0.638s] reading manifest file '../../build/so100_recorder/so100_recorder.egg-info/SOURCES.txt'
[0.639s] writing manifest file '../../build/so100_recorder/so100_recorder.egg-info/SOURCES.txt'
[0.639s] running build
[0.639s] running build_py
[0.639s] copying so100_recorder/camera_test.py -> /home/sankalp/so100_ws/build/so100_recorder/build/lib/so100_recorder
[0.639s] copying so100_recorder/recorder_node.py -> /home/sankalp/so100_ws/build/so100_recorder/build/lib/so100_recorder
[0.639s] copying so100_recorder/__init__.py -> /home/sankalp/so100_ws/build/so100_recorder/build/lib/so100_recorder
[0.639s] running install
[0.642s] running install_lib
[0.650s] copying /home/sankalp/so100_ws/build/so100_recorder/build/lib/so100_recorder/recorder_node.py -> /home/sankalp/so100_ws/install/so100_recorder/lib/python3.10/site-packages/so100_recorder
[0.650s] byte-compiling /home/sankalp/so100_ws/install/so100_recorder/lib/python3.10/site-packages/so100_recorder/recorder_node.py to recorder_node.cpython-310.pyc
[0.651s] running install_data
[0.651s] copying resource/so100_recorder -> /home/sankalp/so100_ws/install/so100_recorder/share/ament_index/resource_index/packages
[0.651s] copying package.xml -> /home/sankalp/so100_ws/install/so100_recorder/share/so100_recorder
[0.651s] running install_egg_info
[0.660s] removing '/home/sankalp/so100_ws/install/so100_recorder/lib/python3.10/site-packages/so100_recorder-0.0.0-py3.10.egg-info' (and everything under it)
[0.661s] Copying ../../build/so100_recorder/so100_recorder.egg-info to /home/sankalp/so100_ws/install/so100_recorder/lib/python3.10/site-packages/so100_recorder-0.0.0-py3.10.egg-info
[0.661s] running install_scripts
[0.729s] Installing recorder_node script to /home/sankalp/so100_ws/install/so100_recorder/lib/so100_recorder
[0.729s] writing list of installed files to '/home/sankalp/so100_ws/build/so100_recorder/install.log'
[0.746s] Invoked command in '/home/sankalp/so100_ws/src/so100_recorder' returned '0': PYTHONPATH=/home/sankalp/so100_ws/build/so100_recorder/prefix_override:/usr/lib/python3/dist-packages/colcon_core/task/python/colcon_distutils_commands:/home/sankalp/so100_ws/install/so100_recorder/lib/python3.10/site-packages:${PYTHONPATH} /usr/bin/python3 -W ignore:setup.py install is deprecated -W ignore:easy_install command is deprecated setup.py egg_info --egg-base ../../build/so100_recorder build --build-base /home/sankalp/so100_ws/build/so100_recorder/build install --record /home/sankalp/so100_ws/build/so100_recorder/install.log --single-version-externally-managed install_data
