[0.398s] Invoking command in '/home/sankalp/so100_ws/build/so100_recorder': PYTHONPATH=/home/sankalp/so100_ws/build/so100_recorder/prefix_override:/usr/lib/python3/dist-packages/colcon_core/task/python/colcon_distutils_commands:/home/sankalp/so100_ws/install/so100_recorder/lib/python3.10/site-packages:${PYTHONPATH} /usr/bin/python3 -W ignore:setup.py install is deprecated -W ignore:easy_install command is deprecated setup.py develop --uninstall --editable --build-directory /home/sankalp/so100_ws/build/so100_recorder/build
[0.567s] running develop
[0.686s] Removing /home/sankalp/so100_ws/install/so100_recorder/lib/python3.10/site-packages/so100-recorder.egg-link (link to .)
[0.705s] Invoked command in '/home/sankalp/so100_ws/build/so100_recorder' returned '0': PYTHONPATH=/home/sankalp/so100_ws/build/so100_recorder/prefix_override:/usr/lib/python3/dist-packages/colcon_core/task/python/colcon_distutils_commands:/home/sankalp/so100_ws/install/so100_recorder/lib/python3.10/site-packages:${PYTHONPATH} /usr/bin/python3 -W ignore:setup.py install is deprecated -W ignore:easy_install command is deprecated setup.py develop --uninstall --editable --build-directory /home/sankalp/so100_ws/build/so100_recorder/build
[0.706s] Invoking command in '/home/sankalp/so100_ws/src/so100_recorder': PYTHONPATH=/home/sankalp/so100_ws/build/so100_recorder/prefix_override:/usr/lib/python3/dist-packages/colcon_core/task/python/colcon_distutils_commands:/home/sankalp/so100_ws/install/so100_recorder/lib/python3.10/site-packages:${PYTHONPATH} /usr/bin/python3 -W ignore:setup.py install is deprecated -W ignore:easy_install command is deprecated setup.py egg_info --egg-base ../../build/so100_recorder build --build-base /home/sankalp/so100_ws/build/so100_recorder/build install --record /home/sankalp/so100_ws/build/so100_recorder/install.log --single-version-externally-managed install_data --force
[0.849s] running egg_info
[0.858s] writing ../../build/so100_recorder/so100_recorder.egg-info/PKG-INFO
[0.858s] writing dependency_links to ../../build/so100_recorder/so100_recorder.egg-info/dependency_links.txt
[0.858s] writing entry points to ../../build/so100_recorder/so100_recorder.egg-info/entry_points.txt
[0.858s] writing requirements to ../../build/so100_recorder/so100_recorder.egg-info/requires.txt
[0.858s] writing top-level names to ../../build/so100_recorder/so100_recorder.egg-info/top_level.txt
[0.877s] reading manifest file '../../build/so100_recorder/so100_recorder.egg-info/SOURCES.txt'
[0.878s] writing manifest file '../../build/so100_recorder/so100_recorder.egg-info/SOURCES.txt'
[0.878s] running build
[0.879s] running build_py
[0.879s] copying so100_recorder/episode_rec.py -> /home/sankalp/so100_ws/build/so100_recorder/build/lib/so100_recorder
[0.879s] copying so100_recorder/train.py -> /home/sankalp/so100_ws/build/so100_recorder/build/lib/so100_recorder
[0.880s] copying so100_recorder/keyboard_ctl.py -> /home/sankalp/so100_ws/build/so100_recorder/build/lib/so100_recorder
[0.880s] copying so100_recorder/teleop_rec.py -> /home/sankalp/so100_ws/build/so100_recorder/build/lib/so100_recorder
[0.880s] copying so100_recorder/diffusion_model.py -> /home/sankalp/so100_ws/build/so100_recorder/build/lib/so100_recorder
[0.881s] copying so100_recorder/servo.py -> /home/sankalp/so100_ws/build/so100_recorder/build/lib/so100_recorder
[0.881s] copying so100_recorder/hold.py -> /home/sankalp/so100_ws/build/so100_recorder/build/lib/so100_recorder
[0.881s] copying so100_recorder/__init__.py -> /home/sankalp/so100_ws/build/so100_recorder/build/lib/so100_recorder
[0.881s] copying so100_recorder/limit_solver.py -> /home/sankalp/so100_ws/build/so100_recorder/build/lib/so100_recorder
[0.881s] copying so100_recorder/inference.py -> /home/sankalp/so100_ws/build/so100_recorder/build/lib/so100_recorder
[0.882s] copying so100_recorder/extract_frame.py -> /home/sankalp/so100_ws/build/so100_recorder/build/lib/so100_recorder
[0.882s] copying so100_recorder/scan.py -> /home/sankalp/so100_ws/build/so100_recorder/build/lib/so100_recorder
[0.883s] copying so100_recorder/Dataloader.py -> /home/sankalp/so100_ws/build/so100_recorder/build/lib/so100_recorder
[0.883s] copying so100_recorder/arm_follower.py -> /home/sankalp/so100_ws/build/so100_recorder/build/lib/so100_recorder
[0.883s] running install
[0.886s] running install_lib
[0.894s] copying /home/sankalp/so100_ws/build/so100_recorder/build/lib/so100_recorder/episode_rec.py -> /home/sankalp/so100_ws/install/so100_recorder/lib/python3.10/site-packages/so100_recorder
[0.894s] copying /home/sankalp/so100_ws/build/so100_recorder/build/lib/so100_recorder/train.py -> /home/sankalp/so100_ws/install/so100_recorder/lib/python3.10/site-packages/so100_recorder
[0.894s] copying /home/sankalp/so100_ws/build/so100_recorder/build/lib/so100_recorder/keyboard_ctl.py -> /home/sankalp/so100_ws/install/so100_recorder/lib/python3.10/site-packages/so100_recorder
[0.894s] copying /home/sankalp/so100_ws/build/so100_recorder/build/lib/so100_recorder/teleop_rec.py -> /home/sankalp/so100_ws/install/so100_recorder/lib/python3.10/site-packages/so100_recorder
[0.895s] copying /home/sankalp/so100_ws/build/so100_recorder/build/lib/so100_recorder/diffusion_model.py -> /home/sankalp/so100_ws/install/so100_recorder/lib/python3.10/site-packages/so100_recorder
[0.895s] copying /home/sankalp/so100_ws/build/so100_recorder/build/lib/so100_recorder/servo.py -> /home/sankalp/so100_ws/install/so100_recorder/lib/python3.10/site-packages/so100_recorder
[0.895s] copying /home/sankalp/so100_ws/build/so100_recorder/build/lib/so100_recorder/hold.py -> /home/sankalp/so100_ws/install/so100_recorder/lib/python3.10/site-packages/so100_recorder
[0.895s] copying /home/sankalp/so100_ws/build/so100_recorder/build/lib/so100_recorder/__init__.py -> /home/sankalp/so100_ws/install/so100_recorder/lib/python3.10/site-packages/so100_recorder
[0.895s] copying /home/sankalp/so100_ws/build/so100_recorder/build/lib/so100_recorder/limit_solver.py -> /home/sankalp/so100_ws/install/so100_recorder/lib/python3.10/site-packages/so100_recorder
[0.895s] copying /home/sankalp/so100_ws/build/so100_recorder/build/lib/so100_recorder/inference.py -> /home/sankalp/so100_ws/install/so100_recorder/lib/python3.10/site-packages/so100_recorder
[0.895s] copying /home/sankalp/so100_ws/build/so100_recorder/build/lib/so100_recorder/extract_frame.py -> /home/sankalp/so100_ws/install/so100_recorder/lib/python3.10/site-packages/so100_recorder
[0.895s] copying /home/sankalp/so100_ws/build/so100_recorder/build/lib/so100_recorder/scan.py -> /home/sankalp/so100_ws/install/so100_recorder/lib/python3.10/site-packages/so100_recorder
[0.895s] copying /home/sankalp/so100_ws/build/so100_recorder/build/lib/so100_recorder/Dataloader.py -> /home/sankalp/so100_ws/install/so100_recorder/lib/python3.10/site-packages/so100_recorder
[0.895s] copying /home/sankalp/so100_ws/build/so100_recorder/build/lib/so100_recorder/arm_follower.py -> /home/sankalp/so100_ws/install/so100_recorder/lib/python3.10/site-packages/so100_recorder
[0.895s] byte-compiling /home/sankalp/so100_ws/install/so100_recorder/lib/python3.10/site-packages/so100_recorder/episode_rec.py to episode_rec.cpython-310.pyc
[0.896s] byte-compiling /home/sankalp/so100_ws/install/so100_recorder/lib/python3.10/site-packages/so100_recorder/train.py to train.cpython-310.pyc
[0.897s] byte-compiling /home/sankalp/so100_ws/install/so100_recorder/lib/python3.10/site-packages/so100_recorder/keyboard_ctl.py to keyboard_ctl.cpython-310.pyc
[0.897s] byte-compiling /home/sankalp/so100_ws/install/so100_recorder/lib/python3.10/site-packages/so100_recorder/teleop_rec.py to teleop_rec.cpython-310.pyc
[0.898s] byte-compiling /home/sankalp/so100_ws/install/so100_recorder/lib/python3.10/site-packages/so100_recorder/diffusion_model.py to diffusion_model.cpython-310.pyc
[0.899s] byte-compiling /home/sankalp/so100_ws/install/so100_recorder/lib/python3.10/site-packages/so100_recorder/servo.py to servo.cpython-310.pyc
[0.900s] byte-compiling /home/sankalp/so100_ws/install/so100_recorder/lib/python3.10/site-packages/so100_recorder/hold.py to hold.cpython-310.pyc
[0.900s] byte-compiling /home/sankalp/so100_ws/install/so100_recorder/lib/python3.10/site-packages/so100_recorder/__init__.py to __init__.cpython-310.pyc
[0.900s] byte-compiling /home/sankalp/so100_ws/install/so100_recorder/lib/python3.10/site-packages/so100_recorder/limit_solver.py to limit_solver.cpython-310.pyc
[0.901s] byte-compiling /home/sankalp/so100_ws/install/so100_recorder/lib/python3.10/site-packages/so100_recorder/inference.py to inference.cpython-310.pyc
[0.902s] byte-compiling /home/sankalp/so100_ws/install/so100_recorder/lib/python3.10/site-packages/so100_recorder/extract_frame.py to extract_frame.cpython-310.pyc
[0.902s] byte-compiling /home/sankalp/so100_ws/install/so100_recorder/lib/python3.10/site-packages/so100_recorder/scan.py to scan.cpython-310.pyc
[0.903s] byte-compiling /home/sankalp/so100_ws/install/so100_recorder/lib/python3.10/site-packages/so100_recorder/Dataloader.py to Dataloader.cpython-310.pyc
[0.903s] byte-compiling /home/sankalp/so100_ws/install/so100_recorder/lib/python3.10/site-packages/so100_recorder/arm_follower.py to arm_follower.cpython-310.pyc
[0.904s] running install_data
[0.904s] copying resource/so100_recorder -> /home/sankalp/so100_ws/install/so100_recorder/share/ament_index/resource_index/packages
[0.904s] copying package.xml -> /home/sankalp/so100_ws/install/so100_recorder/share/so100_recorder
[0.904s] running install_egg_info
[0.913s] Copying ../../build/so100_recorder/so100_recorder.egg-info to /home/sankalp/so100_ws/install/so100_recorder/lib/python3.10/site-packages/so100_recorder-0.0.0-py3.10.egg-info
[0.914s] running install_scripts
[0.983s] Installing diffusion_deployment_node script to /home/sankalp/so100_ws/install/so100_recorder/lib/so100_recorder
[0.983s] Installing episode_recorder_node script to /home/sankalp/so100_ws/install/so100_recorder/lib/so100_recorder
[0.983s] Installing follower_node script to /home/sankalp/so100_ws/install/so100_recorder/lib/so100_recorder
[0.983s] Installing ps_arm_ctl script to /home/sankalp/so100_ws/install/so100_recorder/lib/so100_recorder
[0.983s] Installing servo_node script to /home/sankalp/so100_ws/install/so100_recorder/lib/so100_recorder
[0.983s] Installing telop_node script to /home/sankalp/so100_ws/install/so100_recorder/lib/so100_recorder
[0.983s] Installing training_node script to /home/sankalp/so100_ws/install/so100_recorder/lib/so100_recorder
[0.984s] writing list of installed files to '/home/sankalp/so100_ws/build/so100_recorder/install.log'
[0.999s] Invoked command in '/home/sankalp/so100_ws/src/so100_recorder' returned '0': PYTHONPATH=/home/sankalp/so100_ws/build/so100_recorder/prefix_override:/usr/lib/python3/dist-packages/colcon_core/task/python/colcon_distutils_commands:/home/sankalp/so100_ws/install/so100_recorder/lib/python3.10/site-packages:${PYTHONPATH} /usr/bin/python3 -W ignore:setup.py install is deprecated -W ignore:easy_install command is deprecated setup.py egg_info --egg-base ../../build/so100_recorder build --build-base /home/sankalp/so100_ws/build/so100_recorder/build install --record /home/sankalp/so100_ws/build/so100_recorder/install.log --single-version-externally-managed install_data --force
