[0.522s] Invoking command in '/home/sankalp/so100_ws/src/so100_recorder': PYTHONPATH=/home/sankalp/so100_ws/build/so100_recorder/prefix_override:/usr/lib/python3/dist-packages/colcon_core/task/python/colcon_distutils_commands:/home/sankalp/so100_ws/install/so100_recorder/lib/python3.10/site-packages:${PYTHONPATH} /usr/bin/python3 -W ignore:setup.py install is deprecated -W ignore:easy_install command is deprecated setup.py egg_info --egg-base ../../build/so100_recorder build --build-base /home/sankalp/so100_ws/build/so100_recorder/build install --record /home/sankalp/so100_ws/build/so100_recorder/install.log --single-version-externally-managed install_data
[0.720s] running egg_info
[0.732s] writing ../../build/so100_recorder/so100_recorder.egg-info/PKG-INFO
[0.733s] writing dependency_links to ../../build/so100_recorder/so100_recorder.egg-info/dependency_links.txt
[0.733s] writing entry points to ../../build/so100_recorder/so100_recorder.egg-info/entry_points.txt
[0.733s] writing requirements to ../../build/so100_recorder/so100_recorder.egg-info/requires.txt
[0.733s] writing top-level names to ../../build/so100_recorder/so100_recorder.egg-info/top_level.txt
[0.758s] reading manifest file '../../build/so100_recorder/so100_recorder.egg-info/SOURCES.txt'
[0.760s] writing manifest file '../../build/so100_recorder/so100_recorder.egg-info/SOURCES.txt'
[0.760s] running build
[0.760s] running build_py
[0.760s] copying so100_recorder/episode_rec.py -> /home/sankalp/so100_ws/build/so100_recorder/build/lib/so100_recorder
[0.760s] copying so100_recorder/camera_test.py -> /home/sankalp/so100_ws/build/so100_recorder/build/lib/so100_recorder
[0.760s] copying so100_recorder/recorder_node.py -> /home/sankalp/so100_ws/build/so100_recorder/build/lib/so100_recorder
[0.761s] copying so100_recorder/__init__.py -> /home/sankalp/so100_ws/build/so100_recorder/build/lib/so100_recorder
[0.761s] running install
[0.764s] running install_lib
[0.777s] copying /home/sankalp/so100_ws/build/so100_recorder/build/lib/so100_recorder/episode_rec.py -> /home/sankalp/so100_ws/install/so100_recorder/lib/python3.10/site-packages/so100_recorder
[0.777s] byte-compiling /home/sankalp/so100_ws/install/so100_recorder/lib/python3.10/site-packages/so100_recorder/episode_rec.py to episode_rec.cpython-310.pyc
[0.779s] running install_data
[0.779s] copying resource/so100_recorder -> /home/sankalp/so100_ws/install/so100_recorder/share/ament_index/resource_index/packages
[0.779s] copying package.xml -> /home/sankalp/so100_ws/install/so100_recorder/share/so100_recorder
[0.779s] running install_egg_info
[0.792s] removing '/home/sankalp/so100_ws/install/so100_recorder/lib/python3.10/site-packages/so100_recorder-0.0.0-py3.10.egg-info' (and everything under it)
[0.792s] Copying ../../build/so100_recorder/so100_recorder.egg-info to /home/sankalp/so100_ws/install/so100_recorder/lib/python3.10/site-packages/so100_recorder-0.0.0-py3.10.egg-info
[0.793s] running install_scripts
[0.888s] Installing episode_recorder_node script to /home/sankalp/so100_ws/install/so100_recorder/lib/so100_recorder
[0.888s] Installing recorder_node script to /home/sankalp/so100_ws/install/so100_recorder/lib/so100_recorder
[0.888s] writing list of installed files to '/home/sankalp/so100_ws/build/so100_recorder/install.log'
[0.911s] Invoked command in '/home/sankalp/so100_ws/src/so100_recorder' returned '0': PYTHONPATH=/home/sankalp/so100_ws/build/so100_recorder/prefix_override:/usr/lib/python3/dist-packages/colcon_core/task/python/colcon_distutils_commands:/home/sankalp/so100_ws/install/so100_recorder/lib/python3.10/site-packages:${PYTHONPATH} /usr/bin/python3 -W ignore:setup.py install is deprecated -W ignore:easy_install command is deprecated setup.py egg_info --egg-base ../../build/so100_recorder build --build-base /home/sankalp/so100_ws/build/so100_recorder/build install --record /home/sankalp/so100_ws/build/so100_recorder/install.log --single-version-externally-managed install_data
