/home/sankalp/so100_ws/install/so100_recorder/lib/python3.10/site-packages/so100_recorder/episode_rec.py
/home/sankalp/so100_ws/install/so100_recorder/lib/python3.10/site-packages/so100_recorder/train.py
/home/sankalp/so100_ws/install/so100_recorder/lib/python3.10/site-packages/so100_recorder/keyboard_ctl.py
/home/sankalp/so100_ws/install/so100_recorder/lib/python3.10/site-packages/so100_recorder/teleop_rec.py
/home/sankalp/so100_ws/install/so100_recorder/lib/python3.10/site-packages/so100_recorder/colur.py
/home/sankalp/so100_ws/install/so100_recorder/lib/python3.10/site-packages/so100_recorder/diffusion_model.py
/home/sankalp/so100_ws/install/so100_recorder/lib/python3.10/site-packages/so100_recorder/servo.py
/home/sankalp/so100_ws/install/so100_recorder/lib/python3.10/site-packages/so100_recorder/hold.py
/home/sankalp/so100_ws/install/so100_recorder/lib/python3.10/site-packages/so100_recorder/__init__.py
/home/sankalp/so100_ws/install/so100_recorder/lib/python3.10/site-packages/so100_recorder/limit_solver.py
/home/sankalp/so100_ws/install/so100_recorder/lib/python3.10/site-packages/so100_recorder/inference.py
/home/sankalp/so100_ws/install/so100_recorder/lib/python3.10/site-packages/so100_recorder/extract_frame.py
/home/sankalp/so100_ws/install/so100_recorder/lib/python3.10/site-packages/so100_recorder/scan.py
/home/sankalp/so100_ws/install/so100_recorder/lib/python3.10/site-packages/so100_recorder/Dataloader.py
/home/sankalp/so100_ws/install/so100_recorder/lib/python3.10/site-packages/so100_recorder/IK.py
/home/sankalp/so100_ws/install/so100_recorder/lib/python3.10/site-packages/so100_recorder/arm_follower.py
/home/sankalp/so100_ws/install/so100_recorder/lib/python3.10/site-packages/so100_recorder/__pycache__/episode_rec.cpython-310.pyc
/home/sankalp/so100_ws/install/so100_recorder/lib/python3.10/site-packages/so100_recorder/__pycache__/train.cpython-310.pyc
/home/sankalp/so100_ws/install/so100_recorder/lib/python3.10/site-packages/so100_recorder/__pycache__/keyboard_ctl.cpython-310.pyc
/home/sankalp/so100_ws/install/so100_recorder/lib/python3.10/site-packages/so100_recorder/__pycache__/teleop_rec.cpython-310.pyc
/home/sankalp/so100_ws/install/so100_recorder/lib/python3.10/site-packages/so100_recorder/__pycache__/colur.cpython-310.pyc
/home/sankalp/so100_ws/install/so100_recorder/lib/python3.10/site-packages/so100_recorder/__pycache__/diffusion_model.cpython-310.pyc
/home/sankalp/so100_ws/install/so100_recorder/lib/python3.10/site-packages/so100_recorder/__pycache__/servo.cpython-310.pyc
/home/sankalp/so100_ws/install/so100_recorder/lib/python3.10/site-packages/so100_recorder/__pycache__/hold.cpython-310.pyc
/home/sankalp/so100_ws/install/so100_recorder/lib/python3.10/site-packages/so100_recorder/__pycache__/__init__.cpython-310.pyc
/home/sankalp/so100_ws/install/so100_recorder/lib/python3.10/site-packages/so100_recorder/__pycache__/limit_solver.cpython-310.pyc
/home/sankalp/so100_ws/install/so100_recorder/lib/python3.10/site-packages/so100_recorder/__pycache__/inference.cpython-310.pyc
/home/sankalp/so100_ws/install/so100_recorder/lib/python3.10/site-packages/so100_recorder/__pycache__/extract_frame.cpython-310.pyc
/home/sankalp/so100_ws/install/so100_recorder/lib/python3.10/site-packages/so100_recorder/__pycache__/scan.cpython-310.pyc
/home/sankalp/so100_ws/install/so100_recorder/lib/python3.10/site-packages/so100_recorder/__pycache__/Dataloader.cpython-310.pyc
/home/sankalp/so100_ws/install/so100_recorder/lib/python3.10/site-packages/so100_recorder/__pycache__/IK.cpython-310.pyc
/home/sankalp/so100_ws/install/so100_recorder/lib/python3.10/site-packages/so100_recorder/__pycache__/arm_follower.cpython-310.pyc
/home/sankalp/so100_ws/install/so100_recorder/share/ament_index/resource_index/packages/so100_recorder
/home/sankalp/so100_ws/install/so100_recorder/share/so100_recorder/package.xml
/home/sankalp/so100_ws/install/so100_recorder/lib/python3.10/site-packages/so100_recorder-0.0.0-py3.10.egg-info/dependency_links.txt
/home/sankalp/so100_ws/install/so100_recorder/lib/python3.10/site-packages/so100_recorder-0.0.0-py3.10.egg-info/entry_points.txt
/home/sankalp/so100_ws/install/so100_recorder/lib/python3.10/site-packages/so100_recorder-0.0.0-py3.10.egg-info/top_level.txt
/home/sankalp/so100_ws/install/so100_recorder/lib/python3.10/site-packages/so100_recorder-0.0.0-py3.10.egg-info/PKG-INFO
/home/sankalp/so100_ws/install/so100_recorder/lib/python3.10/site-packages/so100_recorder-0.0.0-py3.10.egg-info/SOURCES.txt
/home/sankalp/so100_ws/install/so100_recorder/lib/python3.10/site-packages/so100_recorder-0.0.0-py3.10.egg-info/requires.txt
/home/sankalp/so100_ws/install/so100_recorder/lib/python3.10/site-packages/so100_recorder-0.0.0-py3.10.egg-info/zip-safe
/home/sankalp/so100_ws/install/so100_recorder/lib/so100_recorder/diffusion_deployment_node
/home/sankalp/so100_ws/install/so100_recorder/lib/so100_recorder/episode_recorder_node
/home/sankalp/so100_ws/install/so100_recorder/lib/so100_recorder/follower_node
/home/sankalp/so100_ws/install/so100_recorder/lib/so100_recorder/ik_recorder_node
/home/sankalp/so100_ws/install/so100_recorder/lib/so100_recorder/inverse_kinematics_tester
/home/sankalp/so100_ws/install/so100_recorder/lib/so100_recorder/ps_arm_ctl
/home/sankalp/so100_ws/install/so100_recorder/lib/so100_recorder/servo_node
/home/sankalp/so100_ws/install/so100_recorder/lib/so100_recorder/telop_node
/home/sankalp/so100_ws/install/so100_recorder/lib/so100_recorder/training_node
