[0.423s] Invoking command in '/home/sankalp/so100_ws/build/so100_recorder': PYTHONPATH=/home/sankalp/so100_ws/build/so100_recorder/prefix_override:/usr/lib/python3/dist-packages/colcon_core/task/python/colcon_distutils_commands:/home/sankalp/so100_ws/install/so100_recorder/lib/python3.10/site-packages:${PYTHONPATH} /usr/bin/python3 -W ignore:setup.py install is deprecated -W ignore:easy_install command is deprecated setup.py develop --editable --build-directory /home/sankalp/so100_ws/build/so100_recorder/build --no-deps symlink_data
[0.615s] running develop
[0.749s] running egg_info
[0.757s] writing so100_recorder.egg-info/PKG-INFO
[0.758s] writing dependency_links to so100_recorder.egg-info/dependency_links.txt
[0.758s] writing entry points to so100_recorder.egg-info/entry_points.txt
[0.758s] writing requirements to so100_recorder.egg-info/requires.txt
[0.758s] writing top-level names to so100_recorder.egg-info/top_level.txt
[0.777s] reading manifest file 'so100_recorder.egg-info/SOURCES.txt'
[0.778s] writing manifest file 'so100_recorder.egg-info/SOURCES.txt'
[0.788s] running build_ext
[0.788s] Creating /home/sankalp/so100_ws/install/so100_recorder/lib/python3.10/site-packages/so100-recorder.egg-link (link to .)
[0.789s] Installing episode_recorder_node script to /home/sankalp/so100_ws/install/so100_recorder/lib/so100_recorder
[0.789s] Installing follower_node script to /home/sankalp/so100_ws/install/so100_recorder/lib/so100_recorder
[0.789s] Installing ps_arm_ctl script to /home/sankalp/so100_ws/install/so100_recorder/lib/so100_recorder
[0.789s] Installing servo_node script to /home/sankalp/so100_ws/install/so100_recorder/lib/so100_recorder
[0.789s] Installing telop_node script to /home/sankalp/so100_ws/install/so100_recorder/lib/so100_recorder
[0.789s] Installing training_node script to /home/sankalp/so100_ws/install/so100_recorder/lib/so100_recorder
[0.789s] 
[0.789s] Installed /home/sankalp/so100_ws/build/so100_recorder
[0.790s] running symlink_data
[0.810s] Invoked command in '/home/sankalp/so100_ws/build/so100_recorder' returned '0': PYTHONPATH=/home/sankalp/so100_ws/build/so100_recorder/prefix_override:/usr/lib/python3/dist-packages/colcon_core/task/python/colcon_distutils_commands:/home/sankalp/so100_ws/install/so100_recorder/lib/python3.10/site-packages:${PYTHONPATH} /usr/bin/python3 -W ignore:setup.py install is deprecated -W ignore:easy_install command is deprecated setup.py develop --editable --build-directory /home/sankalp/so100_ws/build/so100_recorder/build --no-deps symlink_data
