[0.392s] Invoking command in '/home/sankalp/so100_ws/src/so100_recorder': PYTHONPATH=/home/sankalp/so100_ws/build/so100_recorder/prefix_override:/usr/lib/python3/dist-packages/colcon_core/task/python/colcon_distutils_commands:/home/sankalp/so100_ws/install/so100_recorder/lib/python3.10/site-packages:${PYTHONPATH} /usr/bin/python3 -W ignore:setup.py install is deprecated -W ignore:easy_install command is deprecated setup.py egg_info --egg-base ../../build/so100_recorder build --build-base /home/sankalp/so100_ws/build/so100_recorder/build install --record /home/sankalp/so100_ws/build/so100_recorder/install.log --single-version-externally-managed install_data
[0.529s] running egg_info
[0.537s] writing ../../build/so100_recorder/so100_recorder.egg-info/PKG-INFO
[0.538s] writing dependency_links to ../../build/so100_recorder/so100_recorder.egg-info/dependency_links.txt
[0.538s] writing entry points to ../../build/so100_recorder/so100_recorder.egg-info/entry_points.txt
[0.538s] writing requirements to ../../build/so100_recorder/so100_recorder.egg-info/requires.txt
[0.538s] writing top-level names to ../../build/so100_recorder/so100_recorder.egg-info/top_level.txt
[0.556s] reading manifest file '../../build/so100_recorder/so100_recorder.egg-info/SOURCES.txt'
[0.556s] writing manifest file '../../build/so100_recorder/so100_recorder.egg-info/SOURCES.txt'
[0.556s] running build
[0.556s] running build_py
[0.556s] copying so100_recorder/episode_rec.py -> /home/sankalp/so100_ws/build/so100_recorder/build/lib/so100_recorder
[0.556s] copying so100_recorder/train.py -> /home/sankalp/so100_ws/build/so100_recorder/build/lib/so100_recorder
[0.557s] copying so100_recorder/teleop_rec.py -> /home/sankalp/so100_ws/build/so100_recorder/build/lib/so100_recorder
[0.557s] copying so100_recorder/diffusion_model.py -> /home/sankalp/so100_ws/build/so100_recorder/build/lib/so100_recorder
[0.557s] copying so100_recorder/servo.py -> /home/sankalp/so100_ws/build/so100_recorder/build/lib/so100_recorder
[0.557s] copying so100_recorder/hold.py -> /home/sankalp/so100_ws/build/so100_recorder/build/lib/so100_recorder
[0.557s] copying so100_recorder/__init__.py -> /home/sankalp/so100_ws/build/so100_recorder/build/lib/so100_recorder
[0.557s] copying so100_recorder/scan.py -> /home/sankalp/so100_ws/build/so100_recorder/build/lib/so100_recorder
[0.557s] copying so100_recorder/Dataloader.py -> /home/sankalp/so100_ws/build/so100_recorder/build/lib/so100_recorder
[0.557s] copying so100_recorder/arm_follower.py -> /home/sankalp/so100_ws/build/so100_recorder/build/lib/so100_recorder
[0.557s] running install
[0.560s] running install_lib
[0.568s] running install_data
[0.569s] copying resource/so100_recorder -> /home/sankalp/so100_ws/install/so100_recorder/share/ament_index/resource_index/packages
[0.569s] copying package.xml -> /home/sankalp/so100_ws/install/so100_recorder/share/so100_recorder
[0.569s] running install_egg_info
[0.578s] removing '/home/sankalp/so100_ws/install/so100_recorder/lib/python3.10/site-packages/so100_recorder-0.0.0-py3.10.egg-info' (and everything under it)
[0.578s] Copying ../../build/so100_recorder/so100_recorder.egg-info to /home/sankalp/so100_ws/install/so100_recorder/lib/python3.10/site-packages/so100_recorder-0.0.0-py3.10.egg-info
[0.578s] running install_scripts
[0.646s] Installing episode_recorder_node script to /home/sankalp/so100_ws/install/so100_recorder/lib/so100_recorder
[0.646s] Installing follower_node script to /home/sankalp/so100_ws/install/so100_recorder/lib/so100_recorder
[0.646s] Installing ps_arm_ctl script to /home/sankalp/so100_ws/install/so100_recorder/lib/so100_recorder
[0.647s] Installing servo_node script to /home/sankalp/so100_ws/install/so100_recorder/lib/so100_recorder
[0.647s] Installing telop_node script to /home/sankalp/so100_ws/install/so100_recorder/lib/so100_recorder
[0.647s] Installing training_node script to /home/sankalp/so100_ws/install/so100_recorder/lib/so100_recorder
[0.647s] writing list of installed files to '/home/sankalp/so100_ws/build/so100_recorder/install.log'
[0.663s] Invoked command in '/home/sankalp/so100_ws/src/so100_recorder' returned '0': PYTHONPATH=/home/sankalp/so100_ws/build/so100_recorder/prefix_override:/usr/lib/python3/dist-packages/colcon_core/task/python/colcon_distutils_commands:/home/sankalp/so100_ws/install/so100_recorder/lib/python3.10/site-packages:${PYTHONPATH} /usr/bin/python3 -W ignore:setup.py install is deprecated -W ignore:easy_install command is deprecated setup.py egg_info --egg-base ../../build/so100_recorder build --build-base /home/sankalp/so100_ws/build/so100_recorder/build install --record /home/sankalp/so100_ws/build/so100_recorder/install.log --single-version-externally-managed install_data
