[0.485s] Invoking command in '/home/sankalp/so100_ws/src/so100_recorder': PYTHONPATH=/home/sankalp/so100_ws/build/so100_recorder/prefix_override:/usr/lib/python3/dist-packages/colcon_core/task/python/colcon_distutils_commands:/home/sankalp/so100_ws/install/so100_recorder/lib/python3.10/site-packages:${PYTHONPATH} /usr/bin/python3 -W ignore:setup.py install is deprecated -W ignore:easy_install command is deprecated setup.py egg_info --egg-base ../../build/so100_recorder build --build-base /home/sankalp/so100_ws/build/so100_recorder/build install --record /home/sankalp/so100_ws/build/so100_recorder/install.log --single-version-externally-managed install_data
[0.660s] running egg_info
[0.670s] writing ../../build/so100_recorder/so100_recorder.egg-info/PKG-INFO
[0.671s] writing dependency_links to ../../build/so100_recorder/so100_recorder.egg-info/dependency_links.txt
[0.671s] writing entry points to ../../build/so100_recorder/so100_recorder.egg-info/entry_points.txt
[0.671s] writing requirements to ../../build/so100_recorder/so100_recorder.egg-info/requires.txt
[0.671s] writing top-level names to ../../build/so100_recorder/so100_recorder.egg-info/top_level.txt
[0.693s] reading manifest file '../../build/so100_recorder/so100_recorder.egg-info/SOURCES.txt'
[0.694s] writing manifest file '../../build/so100_recorder/so100_recorder.egg-info/SOURCES.txt'
[0.694s] running build
[0.694s] running build_py
[0.694s] copying so100_recorder/episode_rec.py -> /home/sankalp/so100_ws/build/so100_recorder/build/lib/so100_recorder
[0.694s] copying so100_recorder/train.py -> /home/sankalp/so100_ws/build/so100_recorder/build/lib/so100_recorder
[0.694s] copying so100_recorder/keyboard_ctl.py -> /home/sankalp/so100_ws/build/so100_recorder/build/lib/so100_recorder
[0.695s] copying so100_recorder/teleop_rec.py -> /home/sankalp/so100_ws/build/so100_recorder/build/lib/so100_recorder
[0.695s] copying so100_recorder/diffusion_model.py -> /home/sankalp/so100_ws/build/so100_recorder/build/lib/so100_recorder
[0.695s] copying so100_recorder/servo.py -> /home/sankalp/so100_ws/build/so100_recorder/build/lib/so100_recorder
[0.695s] copying so100_recorder/hold.py -> /home/sankalp/so100_ws/build/so100_recorder/build/lib/so100_recorder
[0.695s] copying so100_recorder/__init__.py -> /home/sankalp/so100_ws/build/so100_recorder/build/lib/so100_recorder
[0.695s] copying so100_recorder/limit_solver.py -> /home/sankalp/so100_ws/build/so100_recorder/build/lib/so100_recorder
[0.695s] copying so100_recorder/inference.py -> /home/sankalp/so100_ws/build/so100_recorder/build/lib/so100_recorder
[0.695s] copying so100_recorder/extract_frame.py -> /home/sankalp/so100_ws/build/so100_recorder/build/lib/so100_recorder
[0.695s] copying so100_recorder/scan.py -> /home/sankalp/so100_ws/build/so100_recorder/build/lib/so100_recorder
[0.695s] copying so100_recorder/Dataloader.py -> /home/sankalp/so100_ws/build/so100_recorder/build/lib/so100_recorder
[0.695s] copying so100_recorder/IK.py -> /home/sankalp/so100_ws/build/so100_recorder/build/lib/so100_recorder
[0.696s] copying so100_recorder/arm_follower.py -> /home/sankalp/so100_ws/build/so100_recorder/build/lib/so100_recorder
[0.696s] running install
[0.699s] running install_lib
[0.713s] copying /home/sankalp/so100_ws/build/so100_recorder/build/lib/so100_recorder/keyboard_ctl.py -> /home/sankalp/so100_ws/install/so100_recorder/lib/python3.10/site-packages/so100_recorder
[0.714s] byte-compiling /home/sankalp/so100_ws/install/so100_recorder/lib/python3.10/site-packages/so100_recorder/keyboard_ctl.py to keyboard_ctl.cpython-310.pyc
[0.715s] running install_data
[0.715s] copying resource/so100_recorder -> /home/sankalp/so100_ws/install/so100_recorder/share/ament_index/resource_index/packages
[0.715s] copying package.xml -> /home/sankalp/so100_ws/install/so100_recorder/share/so100_recorder
[0.715s] running install_egg_info
[0.729s] removing '/home/sankalp/so100_ws/install/so100_recorder/lib/python3.10/site-packages/so100_recorder-0.0.0-py3.10.egg-info' (and everything under it)
[0.729s] Copying ../../build/so100_recorder/so100_recorder.egg-info to /home/sankalp/so100_ws/install/so100_recorder/lib/python3.10/site-packages/so100_recorder-0.0.0-py3.10.egg-info
[0.729s] running install_scripts
[0.817s] Installing diffusion_deployment_node script to /home/sankalp/so100_ws/install/so100_recorder/lib/so100_recorder
[0.817s] Installing episode_recorder_node script to /home/sankalp/so100_ws/install/so100_recorder/lib/so100_recorder
[0.817s] Installing follower_node script to /home/sankalp/so100_ws/install/so100_recorder/lib/so100_recorder
[0.817s] Installing inverse_kinematics_tester script to /home/sankalp/so100_ws/install/so100_recorder/lib/so100_recorder
[0.817s] Installing ps_arm_ctl script to /home/sankalp/so100_ws/install/so100_recorder/lib/so100_recorder
[0.817s] Installing servo_node script to /home/sankalp/so100_ws/install/so100_recorder/lib/so100_recorder
[0.817s] Installing telop_node script to /home/sankalp/so100_ws/install/so100_recorder/lib/so100_recorder
[0.817s] Installing training_node script to /home/sankalp/so100_ws/install/so100_recorder/lib/so100_recorder
[0.817s] writing list of installed files to '/home/sankalp/so100_ws/build/so100_recorder/install.log'
[0.839s] Invoked command in '/home/sankalp/so100_ws/src/so100_recorder' returned '0': PYTHONPATH=/home/sankalp/so100_ws/build/so100_recorder/prefix_override:/usr/lib/python3/dist-packages/colcon_core/task/python/colcon_distutils_commands:/home/sankalp/so100_ws/install/so100_recorder/lib/python3.10/site-packages:${PYTHONPATH} /usr/bin/python3 -W ignore:setup.py install is deprecated -W ignore:easy_install command is deprecated setup.py egg_info --egg-base ../../build/so100_recorder build --build-base /home/sankalp/so100_ws/build/so100_recorder/build install --record /home/sankalp/so100_ws/build/so100_recorder/install.log --single-version-externally-managed install_data
