[0.099s] DEBUG:colcon:Command line arguments: ['/usr/bin/colcon', 'build']
[0.099s] DEBUG:colcon:Parsed command line arguments: Namespace(log_base=None, log_level=None, verb_name='build', build_base='build', install_base='install', merge_install=False, symlink_install=False, test_result_base=None, continue_on_error=False, executor='parallel', parallel_workers=12, event_handlers=None, ignore_user_meta=False, metas=['./colcon.meta'], base_paths=['.'], packages_ignore=None, packages_ignore_regex=None, paths=None, packages_up_to=None, packages_up_to_regex=None, packages_above=None, packages_above_and_dependencies=None, packages_above_depth=None, packages_select_by_dep=None, packages_skip_by_dep=None, packages_skip_up_to=None, packages_select_build_failed=False, packages_skip_build_finished=False, packages_select_test_failures=False, packages_skip_test_passed=False, packages_select=None, packages_skip=None, packages_select_regex=None, packages_skip_regex=None, packages_start=None, packages_end=None, allow_overriding=[], cmake_args=None, cmake_target=None, cmake_target_skip_unavailable=False, cmake_clean_cache=False, cmake_clean_first=False, cmake_force_configure=False, ament_cmake_args=None, catkin_cmake_args=None, catkin_skip_building_tests=False, mixin_files=None, mixin=None, verb_parser=<colcon_mixin.mixin.mixin_argument.MixinArgumentDecorator object at 0x748f8f376f20>, verb_extension=<colcon_core.verb.build.BuildVerb object at 0x748f8f32c190>, main=<bound method BuildVerb.main of <colcon_core.verb.build.BuildVerb object at 0x748f8f32c190>>, mixin_verb=('build',))
[0.134s] Level 1:colcon.colcon_core.package_discovery:discover_packages(colcon_meta) check parameters
[0.134s] Level 1:colcon.colcon_core.package_discovery:discover_packages(recursive) check parameters
[0.134s] Level 1:colcon.colcon_core.package_discovery:discover_packages(ignore) check parameters
[0.134s] Level 1:colcon.colcon_core.package_discovery:discover_packages(path) check parameters
[0.134s] Level 1:colcon.colcon_core.package_discovery:discover_packages(colcon_meta) discover
[0.134s] Level 1:colcon.colcon_core.package_discovery:discover_packages(recursive) discover
[0.135s] INFO:colcon.colcon_core.package_discovery:Crawling recursively for packages in '/home/sankalp/so100_ws'
[0.135s] Level 1:colcon.colcon_core.package_identification:_identify(.) by extensions ['ignore', 'ignore_ament_install']
[0.135s] Level 1:colcon.colcon_core.package_identification:_identify(.) by extension 'ignore'
[0.135s] Level 1:colcon.colcon_core.package_identification:_identify(.) by extension 'ignore_ament_install'
[0.135s] Level 1:colcon.colcon_core.package_identification:_identify(.) by extensions ['colcon_pkg']
[0.135s] Level 1:colcon.colcon_core.package_identification:_identify(.) by extension 'colcon_pkg'
[0.135s] Level 1:colcon.colcon_core.package_identification:_identify(.) by extensions ['colcon_meta']
[0.135s] Level 1:colcon.colcon_core.package_identification:_identify(.) by extension 'colcon_meta'
[0.135s] Level 1:colcon.colcon_core.package_identification:_identify(.) by extensions ['ros']
[0.135s] Level 1:colcon.colcon_core.package_identification:_identify(.) by extension 'ros'
[0.144s] Level 1:colcon.colcon_core.package_identification:_identify(.) by extensions ['cmake', 'python']
[0.144s] Level 1:colcon.colcon_core.package_identification:_identify(.) by extension 'cmake'
[0.144s] Level 1:colcon.colcon_core.package_identification:_identify(.) by extension 'python'
[0.144s] Level 1:colcon.colcon_core.package_identification:_identify(.) by extensions ['python_setup_py']
[0.144s] Level 1:colcon.colcon_core.package_identification:_identify(.) by extension 'python_setup_py'
[0.144s] Level 1:colcon.colcon_core.package_identification:_identify(ball_balancer) by extensions ['ignore', 'ignore_ament_install']
[0.144s] Level 1:colcon.colcon_core.package_identification:_identify(ball_balancer) by extension 'ignore'
[0.144s] Level 1:colcon.colcon_core.package_identification:_identify(ball_balancer) by extension 'ignore_ament_install'
[0.144s] Level 1:colcon.colcon_core.package_identification:_identify(ball_balancer) by extensions ['colcon_pkg']
[0.144s] Level 1:colcon.colcon_core.package_identification:_identify(ball_balancer) by extension 'colcon_pkg'
[0.144s] Level 1:colcon.colcon_core.package_identification:_identify(ball_balancer) by extensions ['colcon_meta']
[0.144s] Level 1:colcon.colcon_core.package_identification:_identify(ball_balancer) by extension 'colcon_meta'
[0.144s] Level 1:colcon.colcon_core.package_identification:_identify(ball_balancer) by extensions ['ros']
[0.144s] Level 1:colcon.colcon_core.package_identification:_identify(ball_balancer) by extension 'ros'
[0.145s] Level 1:colcon.colcon_core.package_identification:_identify(ball_balancer) by extensions ['cmake', 'python']
[0.145s] Level 1:colcon.colcon_core.package_identification:_identify(ball_balancer) by extension 'cmake'
[0.145s] Level 1:colcon.colcon_core.package_identification:_identify(ball_balancer) by extension 'python'
[0.145s] Level 1:colcon.colcon_core.package_identification:_identify(ball_balancer) by extensions ['python_setup_py']
[0.145s] Level 1:colcon.colcon_core.package_identification:_identify(ball_balancer) by extension 'python_setup_py'
[0.145s] Level 1:colcon.colcon_core.package_identification:_identify(ball_balancer/configuration) by extensions ['ignore', 'ignore_ament_install']
[0.145s] Level 1:colcon.colcon_core.package_identification:_identify(ball_balancer/configuration) by extension 'ignore'
[0.145s] Level 1:colcon.colcon_core.package_identification:_identify(ball_balancer/configuration) by extension 'ignore_ament_install'
[0.145s] Level 1:colcon.colcon_core.package_identification:_identify(ball_balancer/configuration) by extensions ['colcon_pkg']
[0.145s] Level 1:colcon.colcon_core.package_identification:_identify(ball_balancer/configuration) by extension 'colcon_pkg'
[0.145s] Level 1:colcon.colcon_core.package_identification:_identify(ball_balancer/configuration) by extensions ['colcon_meta']
[0.145s] Level 1:colcon.colcon_core.package_identification:_identify(ball_balancer/configuration) by extension 'colcon_meta'
[0.145s] Level 1:colcon.colcon_core.package_identification:_identify(ball_balancer/configuration) by extensions ['ros']
[0.145s] Level 1:colcon.colcon_core.package_identification:_identify(ball_balancer/configuration) by extension 'ros'
[0.145s] Level 1:colcon.colcon_core.package_identification:_identify(ball_balancer/configuration) by extensions ['cmake', 'python']
[0.145s] Level 1:colcon.colcon_core.package_identification:_identify(ball_balancer/configuration) by extension 'cmake'
[0.145s] Level 1:colcon.colcon_core.package_identification:_identify(ball_balancer/configuration) by extension 'python'
[0.145s] Level 1:colcon.colcon_core.package_identification:_identify(ball_balancer/configuration) by extensions ['python_setup_py']
[0.145s] Level 1:colcon.colcon_core.package_identification:_identify(ball_balancer/configuration) by extension 'python_setup_py'
[0.145s] Level 1:colcon.colcon_core.package_identification:_identify(ballbalancer) by extensions ['ignore', 'ignore_ament_install']
[0.145s] Level 1:colcon.colcon_core.package_identification:_identify(ballbalancer) by extension 'ignore'
[0.145s] Level 1:colcon.colcon_core.package_identification:_identify(ballbalancer) by extension 'ignore_ament_install'
[0.145s] Level 1:colcon.colcon_core.package_identification:_identify(ballbalancer) by extensions ['colcon_pkg']
[0.145s] Level 1:colcon.colcon_core.package_identification:_identify(ballbalancer) by extension 'colcon_pkg'
[0.145s] Level 1:colcon.colcon_core.package_identification:_identify(ballbalancer) by extensions ['colcon_meta']
[0.145s] Level 1:colcon.colcon_core.package_identification:_identify(ballbalancer) by extension 'colcon_meta'
[0.145s] Level 1:colcon.colcon_core.package_identification:_identify(ballbalancer) by extensions ['ros']
[0.145s] Level 1:colcon.colcon_core.package_identification:_identify(ballbalancer) by extension 'ros'
[0.145s] Level 1:colcon.colcon_core.package_identification:_identify(ballbalancer) by extensions ['cmake', 'python']
[0.145s] Level 1:colcon.colcon_core.package_identification:_identify(ballbalancer) by extension 'cmake'
[0.145s] Level 1:colcon.colcon_core.package_identification:_identify(ballbalancer) by extension 'python'
[0.145s] Level 1:colcon.colcon_core.package_identification:_identify(ballbalancer) by extensions ['python_setup_py']
[0.145s] Level 1:colcon.colcon_core.package_identification:_identify(ballbalancer) by extension 'python_setup_py'
[0.145s] Level 1:colcon.colcon_core.package_identification:_identify(ballbalancer/configuration) by extensions ['ignore', 'ignore_ament_install']
[0.145s] Level 1:colcon.colcon_core.package_identification:_identify(ballbalancer/configuration) by extension 'ignore'
[0.145s] Level 1:colcon.colcon_core.package_identification:_identify(ballbalancer/configuration) by extension 'ignore_ament_install'
[0.145s] Level 1:colcon.colcon_core.package_identification:_identify(ballbalancer/configuration) by extensions ['colcon_pkg']
[0.145s] Level 1:colcon.colcon_core.package_identification:_identify(ballbalancer/configuration) by extension 'colcon_pkg'
[0.145s] Level 1:colcon.colcon_core.package_identification:_identify(ballbalancer/configuration) by extensions ['colcon_meta']
[0.145s] Level 1:colcon.colcon_core.package_identification:_identify(ballbalancer/configuration) by extension 'colcon_meta'
[0.145s] Level 1:colcon.colcon_core.package_identification:_identify(ballbalancer/configuration) by extensions ['ros']
[0.145s] Level 1:colcon.colcon_core.package_identification:_identify(ballbalancer/configuration) by extension 'ros'
[0.145s] Level 1:colcon.colcon_core.package_identification:_identify(ballbalancer/configuration) by extensions ['cmake', 'python']
[0.145s] Level 1:colcon.colcon_core.package_identification:_identify(ballbalancer/configuration) by extension 'cmake'
[0.145s] Level 1:colcon.colcon_core.package_identification:_identify(ballbalancer/configuration) by extension 'python'
[0.145s] Level 1:colcon.colcon_core.package_identification:_identify(ballbalancer/configuration) by extensions ['python_setup_py']
[0.145s] Level 1:colcon.colcon_core.package_identification:_identify(ballbalancer/configuration) by extension 'python_setup_py'
[0.145s] Level 1:colcon.colcon_core.package_identification:_identify(build) by extensions ['ignore', 'ignore_ament_install']
[0.146s] Level 1:colcon.colcon_core.package_identification:_identify(build) by extension 'ignore'
[0.146s] Level 1:colcon.colcon_core.package_identification:_identify(build) ignored
[0.146s] Level 1:colcon.colcon_core.package_identification:_identify(install) by extensions ['ignore', 'ignore_ament_install']
[0.146s] Level 1:colcon.colcon_core.package_identification:_identify(install) by extension 'ignore'
[0.146s] Level 1:colcon.colcon_core.package_identification:_identify(install) ignored
[0.146s] Level 1:colcon.colcon_core.package_identification:_identify(log) by extensions ['ignore', 'ignore_ament_install']
[0.146s] Level 1:colcon.colcon_core.package_identification:_identify(log) by extension 'ignore'
[0.146s] Level 1:colcon.colcon_core.package_identification:_identify(log) ignored
[0.146s] Level 1:colcon.colcon_core.package_identification:_identify(src) by extensions ['ignore', 'ignore_ament_install']
[0.146s] Level 1:colcon.colcon_core.package_identification:_identify(src) by extension 'ignore'
[0.146s] Level 1:colcon.colcon_core.package_identification:_identify(src) by extension 'ignore_ament_install'
[0.146s] Level 1:colcon.colcon_core.package_identification:_identify(src) by extensions ['colcon_pkg']
[0.146s] Level 1:colcon.colcon_core.package_identification:_identify(src) by extension 'colcon_pkg'
[0.146s] Level 1:colcon.colcon_core.package_identification:_identify(src) by extensions ['colcon_meta']
[0.146s] Level 1:colcon.colcon_core.package_identification:_identify(src) by extension 'colcon_meta'
[0.146s] Level 1:colcon.colcon_core.package_identification:_identify(src) by extensions ['ros']
[0.146s] Level 1:colcon.colcon_core.package_identification:_identify(src) by extension 'ros'
[0.146s] Level 1:colcon.colcon_core.package_identification:_identify(src) by extensions ['cmake', 'python']
[0.146s] Level 1:colcon.colcon_core.package_identification:_identify(src) by extension 'cmake'
[0.146s] Level 1:colcon.colcon_core.package_identification:_identify(src) by extension 'python'
[0.146s] Level 1:colcon.colcon_core.package_identification:_identify(src) by extensions ['python_setup_py']
[0.146s] Level 1:colcon.colcon_core.package_identification:_identify(src) by extension 'python_setup_py'
[0.146s] Level 1:colcon.colcon_core.package_identification:_identify(src/so100_recorder) by extensions ['ignore', 'ignore_ament_install']
[0.146s] Level 1:colcon.colcon_core.package_identification:_identify(src/so100_recorder) by extension 'ignore'
[0.146s] Level 1:colcon.colcon_core.package_identification:_identify(src/so100_recorder) by extension 'ignore_ament_install'
[0.146s] Level 1:colcon.colcon_core.package_identification:_identify(src/so100_recorder) by extensions ['colcon_pkg']
[0.146s] Level 1:colcon.colcon_core.package_identification:_identify(src/so100_recorder) by extension 'colcon_pkg'
[0.146s] Level 1:colcon.colcon_core.package_identification:_identify(src/so100_recorder) by extensions ['colcon_meta']
[0.146s] Level 1:colcon.colcon_core.package_identification:_identify(src/so100_recorder) by extension 'colcon_meta'
[0.146s] Level 1:colcon.colcon_core.package_identification:_identify(src/so100_recorder) by extensions ['ros']
[0.146s] Level 1:colcon.colcon_core.package_identification:_identify(src/so100_recorder) by extension 'ros'
[0.149s] DEBUG:colcon.colcon_core.package_identification:Package 'src/so100_recorder' with type 'ros.ament_python' and name 'so100_recorder'
[0.149s] Level 1:colcon.colcon_core.package_discovery:discover_packages(recursive) using defaults
[0.149s] Level 1:colcon.colcon_core.package_discovery:discover_packages(ignore) discover
[0.149s] Level 1:colcon.colcon_core.package_discovery:discover_packages(ignore) using defaults
[0.149s] Level 1:colcon.colcon_core.package_discovery:discover_packages(path) discover
[0.149s] Level 1:colcon.colcon_core.package_discovery:discover_packages(path) using defaults
[0.165s] Level 1:colcon.colcon_core.package_discovery:discover_packages(prefix_path) check parameters
[0.165s] Level 1:colcon.colcon_core.package_discovery:discover_packages(prefix_path) discover
[0.167s] DEBUG:colcon.colcon_installed_package_information.package_discovery:Found 272 installed packages in /opt/ros/humble
[0.168s] Level 1:colcon.colcon_core.package_discovery:discover_packages(prefix_path) using defaults
[0.190s] Level 5:colcon.colcon_core.verb:set package 'so100_recorder' build argument 'cmake_args' from command line to 'None'
[0.190s] Level 5:colcon.colcon_core.verb:set package 'so100_recorder' build argument 'cmake_target' from command line to 'None'
[0.190s] Level 5:colcon.colcon_core.verb:set package 'so100_recorder' build argument 'cmake_target_skip_unavailable' from command line to 'False'
[0.190s] Level 5:colcon.colcon_core.verb:set package 'so100_recorder' build argument 'cmake_clean_cache' from command line to 'False'
[0.190s] Level 5:colcon.colcon_core.verb:set package 'so100_recorder' build argument 'cmake_clean_first' from command line to 'False'
[0.190s] Level 5:colcon.colcon_core.verb:set package 'so100_recorder' build argument 'cmake_force_configure' from command line to 'False'
[0.190s] Level 5:colcon.colcon_core.verb:set package 'so100_recorder' build argument 'ament_cmake_args' from command line to 'None'
[0.190s] Level 5:colcon.colcon_core.verb:set package 'so100_recorder' build argument 'catkin_cmake_args' from command line to 'None'
[0.190s] Level 5:colcon.colcon_core.verb:set package 'so100_recorder' build argument 'catkin_skip_building_tests' from command line to 'False'
[0.190s] DEBUG:colcon.colcon_core.verb:Building package 'so100_recorder' with the following arguments: {'ament_cmake_args': None, 'build_base': '/home/sankalp/so100_ws/build/so100_recorder', 'catkin_cmake_args': None, 'catkin_skip_building_tests': False, 'cmake_args': None, 'cmake_clean_cache': False, 'cmake_clean_first': False, 'cmake_force_configure': False, 'cmake_target': None, 'cmake_target_skip_unavailable': False, 'install_base': '/home/sankalp/so100_ws/install/so100_recorder', 'merge_install': False, 'path': '/home/sankalp/so100_ws/src/so100_recorder', 'symlink_install': False, 'test_result_base': None}
[0.190s] INFO:colcon.colcon_core.executor:Executing jobs using 'parallel' executor
[0.191s] DEBUG:colcon.colcon_parallel_executor.executor.parallel:run_until_complete
[0.191s] INFO:colcon.colcon_ros.task.ament_python.build:Building ROS package in '/home/sankalp/so100_ws/src/so100_recorder' with build type 'ament_python'
[0.191s] Level 1:colcon.colcon_core.shell:create_environment_hook('so100_recorder', 'ament_prefix_path')
[0.193s] INFO:colcon.colcon_core.plugin_system:Skipping extension 'colcon_core.shell.bat': Not used on non-Windows systems
[0.193s] INFO:colcon.colcon_core.shell:Creating environment hook '/home/sankalp/so100_ws/install/so100_recorder/share/so100_recorder/hook/ament_prefix_path.ps1'
[0.194s] INFO:colcon.colcon_core.shell:Creating environment descriptor '/home/sankalp/so100_ws/install/so100_recorder/share/so100_recorder/hook/ament_prefix_path.dsv'
[0.194s] INFO:colcon.colcon_core.shell:Creating environment hook '/home/sankalp/so100_ws/install/so100_recorder/share/so100_recorder/hook/ament_prefix_path.sh'
[0.194s] INFO:colcon.colcon_core.shell:Skip shell extension 'powershell' for command environment: Not usable outside of PowerShell
[0.194s] DEBUG:colcon.colcon_core.shell:Skip shell extension 'dsv' for command environment
[0.316s] INFO:colcon.colcon_core.task.python.build:Building Python package in '/home/sankalp/so100_ws/src/so100_recorder'
[0.317s] INFO:colcon.colcon_core.shell:Skip shell extension 'powershell' for command environment: Not usable outside of PowerShell
[0.317s] DEBUG:colcon.colcon_core.shell:Skip shell extension 'dsv' for command environment
[0.662s] DEBUG:colcon.colcon_core.event_handler.log_command:Invoking command in '/home/sankalp/so100_ws/src/so100_recorder': PYTHONPATH=/home/sankalp/so100_ws/build/so100_recorder/prefix_override:/usr/lib/python3/dist-packages/colcon_core/task/python/colcon_distutils_commands:/home/sankalp/so100_ws/install/so100_recorder/lib/python3.10/site-packages:${PYTHONPATH} /usr/bin/python3 -W ignore:setup.py install is deprecated -W ignore:easy_install command is deprecated setup.py egg_info --egg-base ../../build/so100_recorder build --build-base /home/sankalp/so100_ws/build/so100_recorder/build install --record /home/sankalp/so100_ws/build/so100_recorder/install.log --single-version-externally-managed install_data
[0.937s] DEBUG:colcon.colcon_core.event_handler.log_command:Invoked command in '/home/sankalp/so100_ws/src/so100_recorder' returned '0': PYTHONPATH=/home/sankalp/so100_ws/build/so100_recorder/prefix_override:/usr/lib/python3/dist-packages/colcon_core/task/python/colcon_distutils_commands:/home/sankalp/so100_ws/install/so100_recorder/lib/python3.10/site-packages:${PYTHONPATH} /usr/bin/python3 -W ignore:setup.py install is deprecated -W ignore:easy_install command is deprecated setup.py egg_info --egg-base ../../build/so100_recorder build --build-base /home/sankalp/so100_ws/build/so100_recorder/build install --record /home/sankalp/so100_ws/build/so100_recorder/install.log --single-version-externally-managed install_data
[0.939s] Level 1:colcon.colcon_core.environment:checking '/home/sankalp/so100_ws/install/so100_recorder' for CMake module files
[0.940s] Level 1:colcon.colcon_core.environment:checking '/home/sankalp/so100_ws/install/so100_recorder' for CMake config files
[0.940s] Level 1:colcon.colcon_core.environment:checking '/home/sankalp/so100_ws/install/so100_recorder/lib'
[0.940s] Level 1:colcon.colcon_core.environment:checking '/home/sankalp/so100_ws/install/so100_recorder/bin'
[0.940s] Level 1:colcon.colcon_core.environment:checking '/home/sankalp/so100_ws/install/so100_recorder/lib/pkgconfig/so100_recorder.pc'
[0.940s] Level 1:colcon.colcon_core.environment:checking '/home/sankalp/so100_ws/install/so100_recorder/lib/python3.10/site-packages'
[0.940s] Level 1:colcon.colcon_core.shell:create_environment_hook('so100_recorder', 'pythonpath')
[0.940s] INFO:colcon.colcon_core.shell:Creating environment hook '/home/sankalp/so100_ws/install/so100_recorder/share/so100_recorder/hook/pythonpath.ps1'
[0.941s] INFO:colcon.colcon_core.shell:Creating environment descriptor '/home/sankalp/so100_ws/install/so100_recorder/share/so100_recorder/hook/pythonpath.dsv'
[0.941s] INFO:colcon.colcon_core.shell:Creating environment hook '/home/sankalp/so100_ws/install/so100_recorder/share/so100_recorder/hook/pythonpath.sh'
[0.941s] Level 1:colcon.colcon_core.environment:checking '/home/sankalp/so100_ws/install/so100_recorder/bin'
[0.941s] Level 1:colcon.colcon_core.environment:create_environment_scripts_only(so100_recorder)
[0.941s] INFO:colcon.colcon_core.shell:Creating package script '/home/sankalp/so100_ws/install/so100_recorder/share/so100_recorder/package.ps1'
[0.942s] INFO:colcon.colcon_core.shell:Creating package descriptor '/home/sankalp/so100_ws/install/so100_recorder/share/so100_recorder/package.dsv'
[0.942s] INFO:colcon.colcon_core.shell:Creating package script '/home/sankalp/so100_ws/install/so100_recorder/share/so100_recorder/package.sh'
[0.943s] INFO:colcon.colcon_core.shell:Creating package script '/home/sankalp/so100_ws/install/so100_recorder/share/so100_recorder/package.bash'
[0.943s] INFO:colcon.colcon_core.shell:Creating package script '/home/sankalp/so100_ws/install/so100_recorder/share/so100_recorder/package.zsh'
[0.944s] Level 1:colcon.colcon_core.environment:create_file_with_runtime_dependencies(/home/sankalp/so100_ws/install/so100_recorder/share/colcon-core/packages/so100_recorder)
[0.944s] DEBUG:colcon.colcon_parallel_executor.executor.parallel:closing loop
[0.944s] DEBUG:colcon.colcon_parallel_executor.executor.parallel:loop closed
[0.944s] DEBUG:colcon.colcon_parallel_executor.executor.parallel:run_until_complete finished with '0'
[0.944s] DEBUG:colcon.colcon_core.event_reactor:joining thread
[0.947s] INFO:colcon.colcon_core.plugin_system:Skipping extension 'colcon_notification.desktop_notification.terminal_notifier': Not used on non-Darwin systems
[0.947s] INFO:colcon.colcon_core.plugin_system:Skipping extension 'colcon_notification.desktop_notification.win32': Not used on non-Windows systems
[0.948s] INFO:colcon.colcon_notification.desktop_notification:Sending desktop notification using 'notify2'
[0.960s] DEBUG:colcon.colcon_core.event_reactor:joined thread
[0.961s] INFO:colcon.colcon_core.shell:Creating prefix script '/home/sankalp/so100_ws/install/local_setup.ps1'
[0.962s] INFO:colcon.colcon_core.shell:Creating prefix util module '/home/sankalp/so100_ws/install/_local_setup_util_ps1.py'
[0.962s] INFO:colcon.colcon_core.shell:Creating prefix chain script '/home/sankalp/so100_ws/install/setup.ps1'
[0.963s] INFO:colcon.colcon_core.shell:Creating prefix script '/home/sankalp/so100_ws/install/local_setup.sh'
[0.964s] INFO:colcon.colcon_core.shell:Creating prefix util module '/home/sankalp/so100_ws/install/_local_setup_util_sh.py'
[0.964s] INFO:colcon.colcon_core.shell:Creating prefix chain script '/home/sankalp/so100_ws/install/setup.sh'
[0.965s] INFO:colcon.colcon_core.shell:Creating prefix script '/home/sankalp/so100_ws/install/local_setup.bash'
[0.965s] INFO:colcon.colcon_core.shell:Creating prefix chain script '/home/sankalp/so100_ws/install/setup.bash'
[0.966s] INFO:colcon.colcon_core.shell:Creating prefix script '/home/sankalp/so100_ws/install/local_setup.zsh'
[0.966s] INFO:colcon.colcon_core.shell:Creating prefix chain script '/home/sankalp/so100_ws/install/setup.zsh'
