[0.421s] Invoking command in '/home/sankalp/so100_ws/build/so100_recorder': PYTHONPATH=/home/sankalp/so100_ws/build/so100_recorder/prefix_override:/usr/lib/python3/dist-packages/colcon_core/task/python/colcon_distutils_commands:/home/sankalp/so100_ws/install/so100_recorder/lib/python3.10/site-packages:${PYTHONPATH} /usr/bin/python3 -W ignore:setup.py install is deprecated -W ignore:easy_install command is deprecated setup.py develop --editable --build-directory /home/sankalp/so100_ws/build/so100_recorder/build --no-deps symlink_data --force
[0.606s] running develop
[0.727s] running egg_info
[0.735s] writing so100_recorder.egg-info/PKG-INFO
[0.736s] writing dependency_links to so100_recorder.egg-info/dependency_links.txt
[0.736s] writing entry points to so100_recorder.egg-info/entry_points.txt
[0.736s] writing requirements to so100_recorder.egg-info/requires.txt
[0.736s] writing top-level names to so100_recorder.egg-info/top_level.txt
[0.754s] reading manifest file 'so100_recorder.egg-info/SOURCES.txt'
[0.755s] writing manifest file 'so100_recorder.egg-info/SOURCES.txt'
[0.764s] running build_ext
[0.764s] Creating /home/sankalp/so100_ws/install/so100_recorder/lib/python3.10/site-packages/so100-recorder.egg-link (link to .)
[0.764s] Installing episode_recorder_node script to /home/sankalp/so100_ws/install/so100_recorder/lib/so100_recorder
[0.765s] Installing follower_node script to /home/sankalp/so100_ws/install/so100_recorder/lib/so100_recorder
[0.765s] Installing ps_arm_ctl script to /home/sankalp/so100_ws/install/so100_recorder/lib/so100_recorder
[0.765s] Installing servo_node script to /home/sankalp/so100_ws/install/so100_recorder/lib/so100_recorder
[0.765s] Installing telop_node script to /home/sankalp/so100_ws/install/so100_recorder/lib/so100_recorder
[0.765s] Installing training_node script to /home/sankalp/so100_ws/install/so100_recorder/lib/so100_recorder
[0.765s] 
[0.765s] Installed /home/sankalp/so100_ws/build/so100_recorder
[0.766s] running symlink_data
[0.766s] symbolically linking /home/sankalp/so100_ws/build/so100_recorder/resource/so100_recorder -> /home/sankalp/so100_ws/install/so100_recorder/share/ament_index/resource_index/packages
[0.766s] symbolically linking /home/sankalp/so100_ws/build/so100_recorder/package.xml -> /home/sankalp/so100_ws/install/so100_recorder/share/so100_recorder
[0.787s] Invoked command in '/home/sankalp/so100_ws/build/so100_recorder' returned '0': PYTHONPATH=/home/sankalp/so100_ws/build/so100_recorder/prefix_override:/usr/lib/python3/dist-packages/colcon_core/task/python/colcon_distutils_commands:/home/sankalp/so100_ws/install/so100_recorder/lib/python3.10/site-packages:${PYTHONPATH} /usr/bin/python3 -W ignore:setup.py install is deprecated -W ignore:easy_install command is deprecated setup.py develop --editable --build-directory /home/sankalp/so100_ws/build/so100_recorder/build --no-deps symlink_data --force
