running egg_info
writing ../../build/so100_recorder/so100_recorder.egg-info/PKG-INFO
writing dependency_links to ../../build/so100_recorder/so100_recorder.egg-info/dependency_links.txt
writing entry points to ../../build/so100_recorder/so100_recorder.egg-info/entry_points.txt
writing requirements to ../../build/so100_recorder/so100_recorder.egg-info/requires.txt
writing top-level names to ../../build/so100_recorder/so100_recorder.egg-info/top_level.txt
reading manifest file '../../build/so100_recorder/so100_recorder.egg-info/SOURCES.txt'
writing manifest file '../../build/so100_recorder/so100_recorder.egg-info/SOURCES.txt'
running build
running build_py
copying so100_recorder/episode_rec.py -> /home/sankalp/so100_ws/build/so100_recorder/build/lib/so100_recorder
copying so100_recorder/train.py -> /home/sankalp/so100_ws/build/so100_recorder/build/lib/so100_recorder
copying so100_recorder/diffusion_model.py -> /home/sankalp/so100_ws/build/so100_recorder/build/lib/so100_recorder
copying so100_recorder/__init__.py -> /home/sankalp/so100_ws/build/so100_recorder/build/lib/so100_recorder
copying so100_recorder/Dataloader.py -> /home/sankalp/so100_ws/build/so100_recorder/build/lib/so100_recorder
running install
running install_lib
running install_data
copying resource/so100_recorder -> /home/sankalp/so100_ws/install/so100_recorder/share/ament_index/resource_index/packages
copying package.xml -> /home/sankalp/so100_ws/install/so100_recorder/share/so100_recorder
running install_egg_info
removing '/home/sankalp/so100_ws/install/so100_recorder/lib/python3.10/site-packages/so100_recorder-0.0.0-py3.10.egg-info' (and everything under it)
Copying ../../build/so100_recorder/so100_recorder.egg-info to /home/sankalp/so100_ws/install/so100_recorder/lib/python3.10/site-packages/so100_recorder-0.0.0-py3.10.egg-info
running install_scripts
Installing episode_recorder_node script to /home/sankalp/so100_ws/install/so100_recorder/lib/so100_recorder
Installing training_node script to /home/sankalp/so100_ws/install/so100_recorder/lib/so100_recorder
writing list of installed files to '/home/sankalp/so100_ws/build/so100_recorder/install.log'
