[0.590s] Invoking command in '/home/sankalp/so100_ws/src/so100_recorder': PYTHONPATH=/home/sankalp/so100_ws/build/so100_recorder/prefix_override:/usr/lib/python3/dist-packages/colcon_core/task/python/colcon_distutils_commands:/home/sankalp/so100_ws/install/so100_recorder/lib/python3.10/site-packages:${PYTHONPATH} /usr/bin/python3 -W ignore:setup.py install is deprecated -W ignore:easy_install command is deprecated setup.py egg_info --egg-base ../../build/so100_recorder build --build-base /home/sankalp/so100_ws/build/so100_recorder/build install --record /home/sankalp/so100_ws/build/so100_recorder/install.log --single-version-externally-managed install_data
[0.812s] running egg_info
[0.825s] writing ../../build/so100_recorder/so100_recorder.egg-info/PKG-INFO
[0.831s] writing dependency_links to ../../build/so100_recorder/so100_recorder.egg-info/dependency_links.txt
[0.831s] writing entry points to ../../build/so100_recorder/so100_recorder.egg-info/entry_points.txt
[0.832s] writing requirements to ../../build/so100_recorder/so100_recorder.egg-info/requires.txt
[0.832s] writing top-level names to ../../build/so100_recorder/so100_recorder.egg-info/top_level.txt
[0.858s] reading manifest file '../../build/so100_recorder/so100_recorder.egg-info/SOURCES.txt'
[0.859s] writing manifest file '../../build/so100_recorder/so100_recorder.egg-info/SOURCES.txt'
[0.859s] running build
[0.859s] running build_py
[0.860s] copying so100_recorder/episode_rec.py -> /home/sankalp/so100_ws/build/so100_recorder/build/lib/so100_recorder
[0.861s] copying so100_recorder/train.py -> /home/sankalp/so100_ws/build/so100_recorder/build/lib/so100_recorder
[0.861s] copying so100_recorder/diffusion_model.py -> /home/sankalp/so100_ws/build/so100_recorder/build/lib/so100_recorder
[0.861s] copying so100_recorder/__init__.py -> /home/sankalp/so100_ws/build/so100_recorder/build/lib/so100_recorder
[0.862s] copying so100_recorder/Dataloader.py -> /home/sankalp/so100_ws/build/so100_recorder/build/lib/so100_recorder
[0.862s] running install
[0.867s] running install_lib
[0.878s] running install_data
[0.879s] copying resource/so100_recorder -> /home/sankalp/so100_ws/install/so100_recorder/share/ament_index/resource_index/packages
[0.879s] copying package.xml -> /home/sankalp/so100_ws/install/so100_recorder/share/so100_recorder
[0.879s] running install_egg_info
[0.891s] removing '/home/sankalp/so100_ws/install/so100_recorder/lib/python3.10/site-packages/so100_recorder-0.0.0-py3.10.egg-info' (and everything under it)
[0.891s] Copying ../../build/so100_recorder/so100_recorder.egg-info to /home/sankalp/so100_ws/install/so100_recorder/lib/python3.10/site-packages/so100_recorder-0.0.0-py3.10.egg-info
[0.892s] running install_scripts
[0.991s] Installing episode_recorder_node script to /home/sankalp/so100_ws/install/so100_recorder/lib/so100_recorder
[0.995s] Installing training_node script to /home/sankalp/so100_ws/install/so100_recorder/lib/so100_recorder
[0.995s] writing list of installed files to '/home/sankalp/so100_ws/build/so100_recorder/install.log'
[1.021s] Invoked command in '/home/sankalp/so100_ws/src/so100_recorder' returned '0': PYTHONPATH=/home/sankalp/so100_ws/build/so100_recorder/prefix_override:/usr/lib/python3/dist-packages/colcon_core/task/python/colcon_distutils_commands:/home/sankalp/so100_ws/install/so100_recorder/lib/python3.10/site-packages:${PYTHONPATH} /usr/bin/python3 -W ignore:setup.py install is deprecated -W ignore:easy_install command is deprecated setup.py egg_info --egg-base ../../build/so100_recorder build --build-base /home/sankalp/so100_ws/build/so100_recorder/build install --record /home/sankalp/so100_ws/build/so100_recorder/install.log --single-version-externally-managed install_data
