running develop
running egg_info
writing so100_recorder.egg-info/PKG-INFO
writing dependency_links to so100_recorder.egg-info/dependency_links.txt
writing entry points to so100_recorder.egg-info/entry_points.txt
writing requirements to so100_recorder.egg-info/requires.txt
writing top-level names to so100_recorder.egg-info/top_level.txt
reading manifest file 'so100_recorder.egg-info/SOURCES.txt'
writing manifest file 'so100_recorder.egg-info/SOURCES.txt'
running build_ext
Creating /home/sankalp/so100_ws/install/so100_recorder/lib/python3.10/site-packages/so100-recorder.egg-link (link to .)
Installing diffusion_deployment_node script to /home/sankalp/so100_ws/install/so100_recorder/lib/so100_recorder
Installing episode_recorder_node script to /home/sankalp/so100_ws/install/so100_recorder/lib/so100_recorder
Installing follower_node script to /home/sankalp/so100_ws/install/so100_recorder/lib/so100_recorder
Installing ps_arm_ctl script to /home/sankalp/so100_ws/install/so100_recorder/lib/so100_recorder
Installing servo_node script to /home/sankalp/so100_ws/install/so100_recorder/lib/so100_recorder
Installing telop_node script to /home/sankalp/so100_ws/install/so100_recorder/lib/so100_recorder
Installing training_node script to /home/sankalp/so100_ws/install/so100_recorder/lib/so100_recorder

Installed /home/sankalp/so100_ws/build/so100_recorder
running symlink_data
