[0.547s] Invoking command in '/home/sankalp/so100_ws/src/so100_recorder': PYTHONPATH=/home/sankalp/so100_ws/build/so100_recorder/prefix_override:/usr/lib/python3/dist-packages/colcon_core/task/python/colcon_distutils_commands:/home/sankalp/so100_ws/install/so100_recorder/lib/python3.10/site-packages:${PYTHONPATH} /usr/bin/python3 -W ignore:setup.py install is deprecated -W ignore:easy_install command is deprecated setup.py egg_info --egg-base ../../build/so100_recorder build --build-base /home/sankalp/so100_ws/build/so100_recorder/build install --record /home/sankalp/so100_ws/build/so100_recorder/install.log --single-version-externally-managed install_data
[0.741s] running egg_info
[0.752s] writing ../../build/so100_recorder/so100_recorder.egg-info/PKG-INFO
[0.753s] writing dependency_links to ../../build/so100_recorder/so100_recorder.egg-info/dependency_links.txt
[0.753s] writing entry points to ../../build/so100_recorder/so100_recorder.egg-info/entry_points.txt
[0.753s] writing requirements to ../../build/so100_recorder/so100_recorder.egg-info/requires.txt
[0.753s] writing top-level names to ../../build/so100_recorder/so100_recorder.egg-info/top_level.txt
[0.777s] reading manifest file '../../build/so100_recorder/so100_recorder.egg-info/SOURCES.txt'
[0.778s] writing manifest file '../../build/so100_recorder/so100_recorder.egg-info/SOURCES.txt'
[0.779s] running build
[0.779s] running build_py
[0.779s] copying so100_recorder/episode_rec.py -> /home/sankalp/so100_ws/build/so100_recorder/build/lib/so100_recorder
[0.779s] copying so100_recorder/train.py -> /home/sankalp/so100_ws/build/so100_recorder/build/lib/so100_recorder
[0.779s] copying so100_recorder/diffusion_model.py -> /home/sankalp/so100_ws/build/so100_recorder/build/lib/so100_recorder
[0.779s] copying so100_recorder/__init__.py -> /home/sankalp/so100_ws/build/so100_recorder/build/lib/so100_recorder
[0.779s] copying so100_recorder/Dataloader.py -> /home/sankalp/so100_ws/build/so100_recorder/build/lib/so100_recorder
[0.780s] running install
[0.783s] running install_lib
[0.796s] copying /home/sankalp/so100_ws/build/so100_recorder/build/lib/so100_recorder/episode_rec.py -> /home/sankalp/so100_ws/install/so100_recorder/lib/python3.10/site-packages/so100_recorder
[0.798s] byte-compiling /home/sankalp/so100_ws/install/so100_recorder/lib/python3.10/site-packages/so100_recorder/episode_rec.py to episode_rec.cpython-310.pyc
[0.799s] running install_data
[0.799s] copying resource/so100_recorder -> /home/sankalp/so100_ws/install/so100_recorder/share/ament_index/resource_index/packages
[0.799s] copying package.xml -> /home/sankalp/so100_ws/install/so100_recorder/share/so100_recorder
[0.800s] running install_egg_info
[0.813s] removing '/home/sankalp/so100_ws/install/so100_recorder/lib/python3.10/site-packages/so100_recorder-0.0.0-py3.10.egg-info' (and everything under it)
[0.813s] Copying ../../build/so100_recorder/so100_recorder.egg-info to /home/sankalp/so100_ws/install/so100_recorder/lib/python3.10/site-packages/so100_recorder-0.0.0-py3.10.egg-info
[0.813s] running install_scripts
[0.904s] Installing episode_recorder_node script to /home/sankalp/so100_ws/install/so100_recorder/lib/so100_recorder
[0.910s] Installing training_node script to /home/sankalp/so100_ws/install/so100_recorder/lib/so100_recorder
[0.910s] writing list of installed files to '/home/sankalp/so100_ws/build/so100_recorder/install.log'
[0.933s] Invoked command in '/home/sankalp/so100_ws/src/so100_recorder' returned '0': PYTHONPATH=/home/sankalp/so100_ws/build/so100_recorder/prefix_override:/usr/lib/python3/dist-packages/colcon_core/task/python/colcon_distutils_commands:/home/sankalp/so100_ws/install/so100_recorder/lib/python3.10/site-packages:${PYTHONPATH} /usr/bin/python3 -W ignore:setup.py install is deprecated -W ignore:easy_install command is deprecated setup.py egg_info --egg-base ../../build/so100_recorder build --build-base /home/sankalp/so100_ws/build/so100_recorder/build install --record /home/sankalp/so100_ws/build/so100_recorder/install.log --single-version-externally-managed install_data
