running egg_info
creating ../../build/so100_recorder/so100_recorder.egg-info
writing ../../build/so100_recorder/so100_recorder.egg-info/PKG-INFO
writing dependency_links to ../../build/so100_recorder/so100_recorder.egg-info/dependency_links.txt
writing entry points to ../../build/so100_recorder/so100_recorder.egg-info/entry_points.txt
writing requirements to ../../build/so100_recorder/so100_recorder.egg-info/requires.txt
writing top-level names to ../../build/so100_recorder/so100_recorder.egg-info/top_level.txt
writing manifest file '../../build/so100_recorder/so100_recorder.egg-info/SOURCES.txt'
reading manifest file '../../build/so100_recorder/so100_recorder.egg-info/SOURCES.txt'
writing manifest file '../../build/so100_recorder/so100_recorder.egg-info/SOURCES.txt'
running build
running build_py
creating /home/sankalp/so100_ws/build/so100_recorder/build/lib/so100_recorder
copying so100_recorder/recorder_node.py -> /home/sankalp/so100_ws/build/so100_recorder/build/lib/so100_recorder
copying so100_recorder/__init__.py -> /home/sankalp/so100_ws/build/so100_recorder/build/lib/so100_recorder
running install
running install_lib
creating /home/sankalp/so100_ws/install/so100_recorder/lib/python3.10/site-packages/so100_recorder
copying /home/sankalp/so100_ws/build/so100_recorder/build/lib/so100_recorder/recorder_node.py -> /home/sankalp/so100_ws/install/so100_recorder/lib/python3.10/site-packages/so100_recorder
copying /home/sankalp/so100_ws/build/so100_recorder/build/lib/so100_recorder/__init__.py -> /home/sankalp/so100_ws/install/so100_recorder/lib/python3.10/site-packages/so100_recorder
byte-compiling /home/sankalp/so100_ws/install/so100_recorder/lib/python3.10/site-packages/so100_recorder/recorder_node.py to recorder_node.cpython-310.pyc
byte-compiling /home/sankalp/so100_ws/install/so100_recorder/lib/python3.10/site-packages/so100_recorder/__init__.py to __init__.cpython-310.pyc
running install_data
creating /home/sankalp/so100_ws/install/so100_recorder/share/ament_index/resource_index/packages
copying resource/so100_recorder -> /home/sankalp/so100_ws/install/so100_recorder/share/ament_index/resource_index/packages
copying package.xml -> /home/sankalp/so100_ws/install/so100_recorder/share/so100_recorder
running install_egg_info
Copying ../../build/so100_recorder/so100_recorder.egg-info to /home/sankalp/so100_ws/install/so100_recorder/lib/python3.10/site-packages/so100_recorder-0.0.0-py3.10.egg-info
running install_scripts
Installing recorder_node script to /home/sankalp/so100_ws/install/so100_recorder/lib/so100_recorder
writing list of installed files to '/home/sankalp/so100_ws/build/so100_recorder/install.log'
